pkgconfig(evolution-mail-3.0)	devpkg-evolution
pkgconfig(evolution-shell-3.0)	devpkg-evolution
pkgconfig(gtk+-3.0)	devpkg-gtk3
pkgconfig(gdk-3.0)	devpkg-gtk3
pkgconfig(pango)	devpkg-pango
pkgconfig(glib-2.0)	devpkg-glib
pkgconfig(libpcre)	devpkg-pcre
pkgconfig(gobject-2.0)	devpkg-glib
pkgconfig(fribidi)	devpkg-fribidi
pkgconfig(pangocairo)	devpkg-pango
pkgconfig(cairo)	devpkg-cairo
pkgconfig(pixman-1)	devpkg-pixman
pkgconfig(fontconfig)	devpkg-fontconfig
pkgconfig(freetype2)	devpkg-freetype
pkgconfig(zlib)	devpkg-zlib
pkgconfig(harfbuzz)	devpkg-harfbuzz
pkgconfig(graphite2)	devpkg-graphite
pkgconfig(uuid)	devpkg-util-linux
pkgconfig(expat)	devpkg-expat
pkgconfig(egl)	devpkg-mesa
pkgconfig(libdrm)	devpkg-libdrm
pkgconfig(x11)	devpkg-libX11
pkgconfig(xproto)	devpkg-xorgproto
pkgconfig(kbproto)	devpkg-xorgproto
pkgconfig(xcb)	devpkg-libX11
pkgconfig(pthread-stubs)	devpkg-libpthread-stubs
pkgconfig(xau)	devpkg-libX11
pkgconfig(xdmcp)	devpkg-libX11
pkgconfig(xext)	devpkg-libX11
pkgconfig(xextproto)	devpkg-xorgproto
pkgconfig(xdamage)	devpkg-libX11
pkgconfig(damageproto)	devpkg-xorgproto
pkgconfig(xfixes)	devpkg-libX11
pkgconfig(fixesproto)	devpkg-xorgproto
pkgconfig(x11-xcb)	devpkg-libX11
pkgconfig(xcb-glx)	devpkg-libX11
pkgconfig(xcb-dri2)	devpkg-libX11
pkgconfig(xxf86vm)	devpkg-libX11
pkgconfig(xf86vidmodeproto)	devpkg-xorgproto
pkgconfig(gl)	devpkg-mesa
pkgconfig(xcb-shm)	devpkg-libX11
pkgconfig(xcb-render)	devpkg-libX11
pkgconfig(xrender)	devpkg-libX11
pkgconfig(renderproto)	devpkg-xorgproto
pkgconfig(pangoft2)	devpkg-pango
pkgconfig(gdk-pixbuf-2.0)	devpkg-gdk-pixbuf
pkgconfig(gmodule-no-export-2.0)	devpkg-glib
pkgconfig(libpng16)	devpkg-libpng
pkgconfig(cairo-gobject)	devpkg-cairo
pkgconfig(gio-unix-2.0)	devpkg-glib
pkgconfig(gio-2.0)	devpkg-glib
pkgconfig(mount)	devpkg-util-linux
pkgconfig(blkid)	devpkg-util-linux
pkgconfig(xinerama)	devpkg-libX11
pkgconfig(xineramaproto)	devpkg-xorgproto
pkgconfig(xi)	devpkg-libX11
pkgconfig(inputproto)	devpkg-xorgproto
pkgconfig(xrandr)	devpkg-libX11
pkgconfig(randrproto)	devpkg-xorgproto
pkgconfig(xcomposite)	devpkg-libX11
pkgconfig(compositeproto)	devpkg-xorgproto
pkgconfig(wayland-client)	devpkg-wayland
pkgconfig(wayland-protocols)	devpkg-wayland-protocols
pkgconfig(xkbcommon)	devpkg-libxkbcommon
pkgconfig(wayland-cursor)	devpkg-wayland
pkgconfig(wayland-egl)	devpkg-wayland
pkgconfig(cairo-xlib)	devpkg-cairo
pkgconfig(epoxy)	devpkg-libepoxy
pkgconfig(atk)	devpkg-atk
pkgconfig(atk-bridge-2.0)	devpkg-at-spi2-atk
pkgconfig(atspi-2)	devpkg-at-spi2-core
pkgconfig(dbus-1)	devpkg-dbus
pkgconfig(libebackend-1.2)	devpkg-evolution-data-server
pkgconfig(libedataserver-1.2)	devpkg-evolution-data-server
pkgconfig(gmodule-2.0)	devpkg-glib
pkgconfig(libsecret-1)	devpkg-libsecret
pkgconfig(libxml-2.0)	devpkg-libxml2
pkgconfig(libsoup-2.4)	devpkg-libsoup
pkgconfig(camel-1.2)	devpkg-evolution-data-server
pkgconfig(sqlite3)	devpkg-sqlite-autoconf
pkgconfig(nss)	devpkg-nss
pkgconfig(nspr)	devpkg-nspr
pkgconfig(libedataserverui-1.2)	devpkg-evolution-data-server
pkgconfig(libecal-1.2)	devpkg-evolution-data-server
pkgconfig(libical)	devpkg-libical
pkgconfig(icu-i18n)	devpkg-icu4c
pkgconfig(icu-uc)	devpkg-icu4c
pkgconfig(webkit2gtk-4.0)	devpkg-webkitgtk
pkgconfig(javascriptcoregtk-4.0)	devpkg-webkitgtk
pkgconfig(gnome-desktop-3.0)	devpkg-gnome-desktop
pkgconfig(gsettings-desktop-schemas)	devpkg-gsettings-desktop-schemas
pkgconfig(libemail-engine)	devpkg-evolution
pkgconfig(fuse3)	devpkg-fuse
pkgconfig(libcurl)	devpkg-curl
pkgconfig(liblzma)	devpkg-xz
pkgconfig(libxslt)	devpkg-libxslt
pkgconfig(ncurses)	devpkg-ncurses
pkgconfig(ompi)	devpkg-openmpi
pkgconfig(opencv)	devpkg-opencv
pkgconfig(openssl)	devpkg-openssl
pkgconfig(libssl)	devpkg-openssl
pkgconfig(libcrypto)	devpkg-openssl
pkgconfig(Qt5Core)	devpkg-qtbase
pkgconfig(systemd)	devpkg-systemd
pkgconfig(xcb-proto)	devpkg-xcb-proto
pkgconfig(glm)	devpkg-glm
