pkgconfig(gnome-desktop-3.0)	devpkg-gnome-desktop
pkgconfig(gtk+-3.0)	devpkg-gtk3
pkgconfig(gdk-3.0)	devpkg-gtk3
pkgconfig(pango)	devpkg-pango
pkgconfig(glib-2.0)	devpkg-glib
pkgconfig(libpcre)	devpkg-pcre
pkgconfig(gobject-2.0)	devpkg-glib
pkgconfig(fribidi)	devpkg-fribidi
pkgconfig(pangocairo)	devpkg-pango
pkgconfig(cairo)	devpkg-cairo
pkgconfig(pixman-1)	devpkg-pixman
pkgconfig(fontconfig)	devpkg-fontconfig
pkgconfig(freetype2)	devpkg-freetype
pkgconfig(zlib)	devpkg-zlib
pkgconfig(harfbuzz)	devpkg-harfbuzz
pkgconfig(graphite2)	devpkg-graphite
pkgconfig(uuid)	devpkg-util-linux
pkgconfig(expat)	devpkg-expat
pkgconfig(egl)	devpkg-mesa
pkgconfig(libdrm)	devpkg-libdrm
pkgconfig(x11)	devpkg-libX11
pkgconfig(xproto)	devpkg-xorgproto
pkgconfig(kbproto)	devpkg-xorgproto
pkgconfig(xcb)	devpkg-libxcb
pkgconfig(pthread-stubs)	devpkg-libpthread-stubs
pkgconfig(xau)	devpkg-libXau
pkgconfig(xdmcp)	devpkg-libXdmcp
pkgconfig(xext)	devpkg-libXext
pkgconfig(xextproto)	devpkg-xorgproto
pkgconfig(xdamage)	devpkg-libXdamage
pkgconfig(damageproto)	devpkg-xorgproto
pkgconfig(xfixes)	devpkg-libXfixes
pkgconfig(fixesproto)	devpkg-xorgproto
pkgconfig(x11-xcb)	devpkg-libX11
pkgconfig(xcb-glx)	devpkg-libxcb
pkgconfig(xcb-dri2)	devpkg-libxcb
pkgconfig(xxf86vm)	devpkg-libXxf86vm
pkgconfig(xf86vidmodeproto)	devpkg-xorgproto
pkgconfig(gl)	devpkg-mesa
pkgconfig(xcb-shm)	devpkg-libxcb
pkgconfig(xcb-render)	devpkg-libxcb
pkgconfig(xrender)	devpkg-libXrender
pkgconfig(renderproto)	devpkg-xorgproto
pkgconfig(pangoft2)	devpkg-pango
pkgconfig(gdk-pixbuf-2.0)	devpkg-gdk-pixbuf
pkgconfig(gmodule-no-export-2.0)	devpkg-glib
pkgconfig(libpng16)	devpkg-libpng
pkgconfig(cairo-gobject)	devpkg-cairo
pkgconfig(gio-unix-2.0)	devpkg-glib
pkgconfig(gio-2.0)	devpkg-glib
pkgconfig(xinerama)	devpkg-libXinerama
pkgconfig(xineramaproto)	devpkg-xorgproto
pkgconfig(xi)	devpkg-libXi
pkgconfig(inputproto)	devpkg-xorgproto
pkgconfig(xrandr)	devpkg-libXrandr
pkgconfig(randrproto)	devpkg-xorgproto
pkgconfig(xcomposite)	devpkg-libXcomposite
pkgconfig(compositeproto)	devpkg-xorgproto
pkgconfig(wayland-client)	devpkg-wayland
pkgconfig(wayland-protocols)	devpkg-wayland-protocols
pkgconfig(xkbcommon)	devpkg-libxkbcommon
pkgconfig(wayland-cursor)	devpkg-wayland
pkgconfig(wayland-egl)	devpkg-wayland
pkgconfig(cairo-xlib)	devpkg-cairo
pkgconfig(epoxy)	devpkg-libepoxy
pkgconfig(atk)	devpkg-atk
pkgconfig(atk-bridge-2.0)	devpkg-at-spi2-atk
pkgconfig(atspi-2)	devpkg-at-spi2-core
pkgconfig(dbus-1)	devpkg-dbus
pkgconfig(gsettings-desktop-schemas)	devpkg-gsettings-desktop-schemas
pkgconfig(evolution-mail-3.0)	devpkg-evolution
pkgconfig(evolution-shell-3.0)	devpkg-evolution
pkgconfig(libebackend-1.2)	devpkg-evolution-data-server
pkgconfig(libedataserver-1.2)	devpkg-evolution-data-server
pkgconfig(gmodule-2.0)	devpkg-glib
pkgconfig(libsecret-1)	devpkg-libsecret
pkgconfig(libxml-2.0)	devpkg-libxml2
pkgconfig(libsoup-2.4)	devpkg-libsoup
pkgconfig(camel-1.2)	devpkg-evolution-data-server
pkgconfig(sqlite3)	devpkg-sqlite-autoconf
pkgconfig(nss)	devpkg-nss
pkgconfig(nspr)	devpkg-nspr
pkgconfig(libedataserverui-1.2)	devpkg-evolution-data-server
pkgconfig(libecal-1.2)	devpkg-evolution-data-server
pkgconfig(libical)	devpkg-libical
pkgconfig(icu-i18n)	devpkg-icu4c
pkgconfig(icu-uc)	devpkg-icu4c
pkgconfig(webkit2gtk-4.0)	devpkg-webkitgtk
pkgconfig(javascriptcoregtk-4.0)	devpkg-webkitgtk
pkgconfig(libemail-engine)	devpkg-evolution
