pkgconfig(alsa)	devpkg-alsa-lib
pkgconfig(apr-1)	devpkg-apr
pkgconfig(apr-util-1)	devpkg-apr-util
pkgconfig(atk)	devpkg-atk
pkgconfig(gobject-2.0)	devpkg-glib
pkgconfig(glib-2.0)	devpkg-glib
pkgconfig(libpcre)	devpkg-pcre
pkgconfig(audit)	devpkg-audit
pkgconfig(bigreqsproto)	devpkg-xorgproto
pkgconfig(blkid)	devpkg-util-linux
pkgconfig(uuid)	devpkg-util-linux
pkgconfig(bluez)	devpkg-bluez
pkgconfig(cairo)	devpkg-cairo
pkgconfig(pixman-1)	devpkg-pixman
pkgconfig(fontconfig)	devpkg-fontconfig
pkgconfig(freetype2)	devpkg-freetype
pkgconfig(zlib)	devpkg-zlib
pkgconfig(harfbuzz)	devpkg-harfbuzz
pkgconfig(graphite2)	devpkg-graphite
pkgconfig(expat)	devpkg-expat
pkgconfig(egl)	devpkg-mesa
pkgconfig(libdrm)	devpkg-libdrm
pkgconfig(x11)	devpkg-libX11
pkgconfig(xproto)	devpkg-xorgproto
pkgconfig(kbproto)	devpkg-xorgproto
pkgconfig(xcb)	devpkg-libX11
pkgconfig(pthread-stubs)	devpkg-libpthread-stubs
pkgconfig(xau)	devpkg-libX11
pkgconfig(xdmcp)	devpkg-libX11
pkgconfig(xext)	devpkg-libX11
pkgconfig(xextproto)	devpkg-xorgproto
pkgconfig(xdamage)	devpkg-libX11
pkgconfig(damageproto)	devpkg-xorgproto
pkgconfig(xfixes)	devpkg-libX11
pkgconfig(fixesproto)	devpkg-xorgproto
pkgconfig(x11-xcb)	devpkg-libX11
pkgconfig(xcb-glx)	devpkg-libX11
pkgconfig(xcb-dri2)	devpkg-libX11
pkgconfig(xxf86vm)	devpkg-libX11
pkgconfig(xf86vidmodeproto)	devpkg-xorgproto
pkgconfig(gl)	devpkg-mesa
pkgconfig(xcb-shm)	devpkg-libX11
pkgconfig(xcb-render)	devpkg-libX11
pkgconfig(xrender)	devpkg-libX11
pkgconfig(renderproto)	devpkg-xorgproto
pkgconfig(clutter-1.0)	devpkg-clutter
pkgconfig(cogl-1.0)	devpkg-cogl
pkgconfig(gmodule-no-export-2.0)	devpkg-glib
pkgconfig(gdk-pixbuf-2.0)	devpkg-gdk-pixbuf
pkgconfig(libpng16)	devpkg-libpng
pkgconfig(wayland-egl)	devpkg-wayland
pkgconfig(wayland-client)	devpkg-wayland
pkgconfig(wayland-server)	devpkg-wayland
pkgconfig(xcomposite)	devpkg-libX11
pkgconfig(compositeproto)	devpkg-xorgproto
pkgconfig(xrandr)	devpkg-libX11
pkgconfig(randrproto)	devpkg-xorgproto
pkgconfig(cogl-path-1.0)	devpkg-cogl
pkgconfig(cairo-gobject)	devpkg-cairo
pkgconfig(gio-2.0)	devpkg-glib
pkgconfig(mount)	devpkg-util-linux
pkgconfig(pangocairo)	devpkg-pango
pkgconfig(pango)	devpkg-pango
pkgconfig(fribidi)	devpkg-fribidi
pkgconfig(pangoft2)	devpkg-pango
pkgconfig(cogl-pango-1.0)	devpkg-cogl
pkgconfig(json-glib-1.0)	devpkg-json-glib
pkgconfig(gdk-3.0)	devpkg-gtk3
pkgconfig(gio-unix-2.0)	devpkg-glib
pkgconfig(xinerama)	devpkg-libX11
pkgconfig(xineramaproto)	devpkg-xorgproto
pkgconfig(xi)	devpkg-libX11
pkgconfig(inputproto)	devpkg-xorgproto
pkgconfig(wayland-protocols)	devpkg-wayland-protocols
pkgconfig(xkbcommon)	devpkg-libxkbcommon
pkgconfig(wayland-cursor)	devpkg-wayland
pkgconfig(cairo-xlib)	devpkg-cairo
pkgconfig(epoxy)	devpkg-libepoxy
pkgconfig(libudev)	devpkg-systemd
pkgconfig(libinput)	devpkg-libinput
pkgconfig(colord)	devpkg-colord
pkgconfig(dbus-1)	devpkg-dbus
pkgconfig(devmapper)	devpkg-LVM2
pkgconfig(dri3proto)	devpkg-xorgproto
pkgconfig(ext2fs)	devpkg-e2fsprogs
pkgconfig(com_err)	devpkg-e2fsprogs
pkgconfig(evolution-mail-3.0)	devpkg-evolution
pkgconfig(evolution-shell-3.0)	devpkg-evolution
pkgconfig(gtk+-3.0)	devpkg-gtk3
pkgconfig(atk-bridge-2.0)	devpkg-at-spi2-atk
pkgconfig(atspi-2)	devpkg-at-spi2-core
pkgconfig(libebackend-1.2)	devpkg-evolution-data-server
pkgconfig(libedataserver-1.2)	devpkg-evolution-data-server
pkgconfig(gmodule-2.0)	devpkg-glib
pkgconfig(libsecret-1)	devpkg-libsecret
pkgconfig(libxml-2.0)	devpkg-libxml2
pkgconfig(libsoup-2.4)	devpkg-libsoup
pkgconfig(camel-1.2)	devpkg-evolution-data-server
pkgconfig(sqlite3)	devpkg-sqlite-autoconf
pkgconfig(nss)	devpkg-nss
pkgconfig(nspr)	devpkg-nspr
pkgconfig(libedataserverui-1.2)	devpkg-evolution-data-server
pkgconfig(libecal-1.2)	devpkg-evolution-data-server
pkgconfig(libical)	devpkg-libical
pkgconfig(icu-i18n)	devpkg-icu4c
pkgconfig(icu-uc)	devpkg-icu4c
pkgconfig(webkit2gtk-4.0)	devpkg-webkitgtk
pkgconfig(javascriptcoregtk-4.0)	devpkg-webkitgtk
pkgconfig(gnome-desktop-3.0)	devpkg-gnome-desktop
pkgconfig(gsettings-desktop-schemas)	devpkg-gsettings-desktop-schemas
pkgconfig(libemail-engine)	devpkg-evolution
pkgconfig(flac)	devpkg-flac
pkgconfig(ogg)	devpkg-libogg
pkgconfig(fftw3)	devpkg-fftw
pkgconfig(freeglut)	devpkg-freeglut
pkgconfig(fuse)	devpkg-compat-fuse-soname2
pkgconfig(fuse3)	devpkg-fuse
pkgconfig(gail)	devpkg-gtk
pkgconfig(gtk+-2.0)	devpkg-gtk
pkgconfig(gjs-1.0)	devpkg-gjs
pkgconfig(gobject-introspection-1.0)	devpkg-gobject-introspection
pkgconfig(libffi)	devpkg-libffi
pkgconfig(gthread-2.0)	devpkg-glib
pkgconfig(mozjs-60)	devpkg-mozjs60
pkgconfig(glew)	devpkg-glew
pkgconfig(glu)	devpkg-glu
pkgconfig(glm)	devpkg-glm
pkgconfig(gnutls)	devpkg-gnutls
pkgconfig(nettle)	devpkg-nettle
pkgconfig(hogweed)	devpkg-nettle
pkgconfig(libtasn1)	devpkg-libtasn1
pkgconfig(p11-kit-1)	devpkg-p11-kit
pkgconfig(hwloc)	devpkg-hwloc
pkgconfig(pciaccess)	devpkg-libpciaccess
pkgconfig(json-c)	devpkg-json-c
pkgconfig(libarchive)	devpkg-libarchive
pkgconfig(libcurl)	devpkg-curl
pkgconfig(libevent)	devpkg-libevent
pkgconfig(libip4tc)	devpkg-iptables
pkgconfig(libidn)	devpkg-libidn
pkgconfig(libjpeg)	devpkg-libjpeg-turbo
pkgconfig(LLVMSPIRVLib)	devpkg-llvm
pkgconfig(liblzma)	devpkg-xz
pkgconfig(libpulse)	devpkg-pulseaudio
pkgconfig(libR)	devpkg-R
pkgconfig(libseccomp)	devpkg-libseccomp
pkgconfig(libunwind)	devpkg-libunwind
pkgconfig(libva)	devpkg-libva
pkgconfig(libvirt)	devpkg-libvirt
pkgconfig(libxslt)	devpkg-libxslt
pkgconfig(libwebp)	devpkg-libwebp
pkgconfig(lua)	devpkg-lua
pkgconfig(mozjs-52)	devpkg-mozjs52
pkgconfig(ncurses)	devpkg-ncurses
pkgconfig(ompi)	devpkg-openmpi
pkgconfig(opencv)	devpkg-opencv
pkgconfig(openssl)	devpkg-openssl
pkgconfig(libssl)	devpkg-openssl
pkgconfig(libcrypto)	devpkg-openssl
pkgconfig(opus)	devpkg-opus
pkgconfig(popt)	devpkg-popt
pkgconfig(pygobject-3.0)	devpkg-pygobject
pkgconfig(Qt5Core)	devpkg-qtbase
pkgconfig(Qt5WebEngine)	devpkg-qtwebengine
pkgconfig(Qt5Gui)	devpkg-qtbase
pkgconfig(Qt5Qml)	devpkg-qtdeclarative
pkgconfig(Qt5Network)	devpkg-qtbase
pkgconfig(Qt5Quick)	devpkg-qtdeclarative
pkgconfig(Qt5WebEngineCore)	devpkg-qtwebengine
pkgconfig(Qt5WebChannel)	devpkg-qtwebchannel
pkgconfig(Qt5Positioning)	devpkg-qtlocation
pkgconfig(Qt5Svg)	devpkg-qtsvg
pkgconfig(Qt5Widgets)	devpkg-qtbase
pkgconfig(Qt5UiTools)	devpkg-qttools
pkgconfig(readline)	devpkg-readline
pkgconfig(samplerate)	devpkg-libsamplerate
pkgconfig(SDL2_gfx)	devpkg-SDL2_gfx
pkgconfig(sdl2)	devpkg-SDL2
pkgconfig(SDL2_image)	devpkg-SDL2_image
pkgconfig(SDL2_mixer)	devpkg-SDL2_mixer
pkgconfig(SDL2_net)	devpkg-SDL2_net
pkgconfig(SDL2_ttf)	devpkg-SDL2_ttf
pkgconfig(SDL_gfx)	devpkg-SDL_gfx
pkgconfig(sdl)	devpkg-SDL
pkgconfig(SDL_image)	devpkg-SDL_image
pkgconfig(SDL_mixer)	devpkg-SDL_mixer
pkgconfig(SDL_net)	devpkg-SDL_net
pkgconfig(SDL_ttf)	devpkg-SDL_ttf
pkgconfig(shared-mime-info)	devpkg-shared-mime-info
pkgconfig(systemd)	devpkg-systemd
pkgconfig(xcb-proto)	devpkg-xcb-proto
pkgconfig(xorg-server)	devpkg-xorg-server
pkgconfig(fontsproto)	devpkg-xorgproto
pkgconfig(videoproto)	devpkg-xorgproto
pkgconfig(scrnsaverproto)	devpkg-xorgproto
pkgconfig(resourceproto)	devpkg-xorgproto
pkgconfig(xf86driproto)	devpkg-xorgproto
pkgconfig(glproto)	devpkg-xorgproto
pkgconfig(dri)	devpkg-mesa
pkgconfig(dri2proto)	devpkg-xorgproto
pkgconfig(presentproto)	devpkg-xorgproto
pkgconfig(xapian-core)	devpkg-xapian-core
pkgconfig(xcb-atom)	devpkg-libX11
pkgconfig(xcb-aux)	devpkg-libX11
pkgconfig(xcb-composite)	devpkg-libX11
pkgconfig(xcb-xfixes)	devpkg-libX11
pkgconfig(xcb-shape)	devpkg-libX11
pkgconfig(xcb-cursor)	devpkg-xcb-util-cursor
pkgconfig(xcb-renderutil)	devpkg-libX11
pkgconfig(xcb-image)	devpkg-libX11
pkgconfig(xcb-damage)	devpkg-libX11
pkgconfig(xcb-dpms)	devpkg-libX11
pkgconfig(xcb-dri3)	devpkg-libX11
pkgconfig(xcb-event)	devpkg-libX11
pkgconfig(xcb-ewmh)	devpkg-libX11
pkgconfig(xcb-icccm)	devpkg-libX11
pkgconfig(xcb-keysyms)	devpkg-libX11
pkgconfig(xcb-present)	devpkg-libX11
pkgconfig(xcb-randr)	devpkg-libX11
pkgconfig(xcb-sync)	devpkg-libX11
pkgconfig(xcb-record)	devpkg-libX11
pkgconfig(xcb-res)	devpkg-libX11
pkgconfig(xcb-screensaver)	devpkg-libX11
pkgconfig(xcb-util)	devpkg-libX11
pkgconfig(xcb-xf86dri)	devpkg-libX11
pkgconfig(xcb-xinerama)	devpkg-libX11
pkgconfig(xcb-xinput)	devpkg-libX11
pkgconfig(xcb-xkb)	devpkg-libX11
pkgconfig(xcb-xtest)	devpkg-libX11
pkgconfig(xcb-xvmc)	devpkg-libX11
pkgconfig(xcb-xv)	devpkg-libX11
pkgconfig(xcmiscproto)	devpkg-xorgproto
pkgconfig(xcursor)	devpkg-libXcursor
pkgconfig(xdg-desktop-portal)	devpkg-xdg-desktop-portal
pkgconfig(xf86bigfontproto)	devpkg-xorgproto
pkgconfig(xf86dgaproto)	devpkg-xorgproto
pkgconfig(xf86miscproto)	devpkg-xorgproto
pkgconfig(xfont2)	devpkg-libXfont2
pkgconfig(fontenc)	devpkg-libfontenc
pkgconfig(xfont)	devpkg-libXfont
pkgconfig(xft)	devpkg-libXft
pkgconfig(xkbcommon-x11)	devpkg-libxkbcommon
pkgconfig(xkbcomp)	devpkg-xkbcomp
pkgconfig(xkbfile)	devpkg-libxkbfile
pkgconfig(xkeyboard-config)	devpkg-xkeyboard-config
pkgconfig(xmlsec1-nss)	devpkg-xmlsec1
pkgconfig(xmlsec1-openssl)	devpkg-xmlsec1
pkgconfig(xmlsec1)	devpkg-xmlsec1
pkgconfig(xmu)	devpkg-libXmu
pkgconfig(xt)	devpkg-libXt
pkgconfig(ice)	devpkg-libX11
pkgconfig(sm)	devpkg-libX11
pkgconfig(xmuu)	devpkg-libXmu
pkgconfig(xorg-macros)	devpkg-util-macros
pkgconfig(xorg-wacom)	devpkg-xf86-input-wacom
pkgconfig(xpm)	devpkg-libXpm
pkgconfig(xproxymngproto)	devpkg-xorgproto
pkgconfig(xres)	devpkg-libXres
pkgconfig(xscrnsaver)	devpkg-libXScrnSaver
pkgconfig(xshmfence)	devpkg-libX11
pkgconfig(xtables)	devpkg-iptables
pkgconfig(xtrans)	devpkg-xtrans
pkgconfig(xtst)	devpkg-libXtst
pkgconfig(recordproto)	devpkg-xorgproto
pkgconfig(xvmc)	devpkg-libXvMC
pkgconfig(xv)	devpkg-libXv
pkgconfig(xxf86misc)	devpkg-libXxf86misc
